// Vitest Snapshot v1, https://vitest.dev/guide/snapshot.html

exports[`AppHeader > renders correctly 1`] = `
"<header class="h-16 border-b px-4 flex items-center justify-between">
  <h1 class="font-bold text-xl"><a href="/">Resource Booking System</a></h1><!-- Navigation -->
  <div class="flex items-center gap-4">
    <nav class="relative w-full flex items-center justify-center">
      <ul class="flex items-center min-w-0"></ul>
    </nav>
  </div><!-- Right controls -->
  <div class="flex items-center gap-4"><button type="button" class="focus:outline-none focus-visible:outline-0 disabled:cursor-not-allowed disabled:opacity-75 aria-disabled:cursor-not-allowed aria-disabled:opacity-75 flex-shrink-0 font-medium rounded-md text-sm gap-x-1.5 px-2.5 py-1.5 text-primary-500 dark:text-primary-400 hover:bg-primary-50 disabled:bg-transparent aria-disabled:bg-transparent dark:hover:bg-primary-950 dark:disabled:bg-transparent dark:aria-disabled:bg-transparent focus-visible:ring-2 focus-visible:ring-inset focus-visible:ring-primary-500 dark:focus-visible:ring-primary-400 inline-flex items-center">
      <!--v-if--><span class="iconify i-heroicons:sun w-5 h-5" aria-hidden="true"></span>
      <!--v-if-->
    </button><button type="button" class="focus:outline-none disabled:cursor-not-allowed disabled:opacity-75 aria-disabled:cursor-not-allowed aria-disabled:opacity-75 flex-shrink-0 font-medium rounded-full text-sm gap-x-2.5 px-3.5 py-2.5 shadow-sm text-white dark:text-gray-900 bg-primary-500 hover:bg-primary-600 disabled:bg-primary-500 aria-disabled:bg-primary-500 dark:bg-primary-400 dark:hover:bg-primary-500 dark:disabled:bg-primary-400 dark:aria-disabled:bg-primary-400 focus-visible:outline focus-visible:outline-2 focus-visible:outline-offset-2 focus-visible:outline-primary-500 dark:focus-visible:outline-primary-400 inline-flex items-center">
      <!--v-if--> Logout
      <!--v-if-->
    </button></div>
</header>"
`;

exports[`AuthAppHeader > renders correctly 1`] = `
"<header class="h-16 border-b px-4 flex items-center justify-between">
  <h1 class="font-bold text-xl"><a href="/">Resource Booking System</a></h1><!-- Navigation -->
  <div class="flex items-center gap-4">
    <nav class="relative w-full flex items-center justify-center">
      <ul class="flex items-center min-w-0"></ul>
    </nav>
  </div><!-- Right controls -->
  <div class="flex items-center gap-4"><button type="button" class="focus:outline-none focus-visible:outline-0 disabled:cursor-not-allowed disabled:opacity-75 aria-disabled:cursor-not-allowed aria-disabled:opacity-75 flex-shrink-0 font-medium rounded-md text-sm gap-x-1.5 px-2.5 py-1.5 text-primary-500 dark:text-primary-400 hover:bg-primary-50 disabled:bg-transparent aria-disabled:bg-transparent dark:hover:bg-primary-950 dark:disabled:bg-transparent dark:aria-disabled:bg-transparent focus-visible:ring-2 focus-visible:ring-inset focus-visible:ring-primary-500 dark:focus-visible:ring-primary-400 inline-flex items-center">
      <!--v-if--><span class="iconify i-heroicons:sun w-5 h-5" aria-hidden="true"></span>
      <!--v-if-->
    </button><button type="button" class="focus:outline-none disabled:cursor-not-allowed disabled:opacity-75 aria-disabled:cursor-not-allowed aria-disabled:opacity-75 flex-shrink-0 font-medium rounded-full text-sm gap-x-2.5 px-3.5 py-2.5 shadow-sm text-white dark:text-gray-900 bg-primary-500 hover:bg-primary-600 disabled:bg-primary-500 aria-disabled:bg-primary-500 dark:bg-primary-400 dark:hover:bg-primary-500 dark:disabled:bg-primary-400 dark:aria-disabled:bg-primary-400 focus-visible:outline focus-visible:outline-2 focus-visible:outline-offset-2 focus-visible:outline-primary-500 dark:focus-visible:outline-primary-400 inline-flex items-center">
      <!--v-if--> Logout
      <!--v-if-->
    </button></div>
</header>"
`;
